
*** Running vivado
    with args -log AXI_Modulador_v1_0.vds -m64 -product Vivado -mode batch -messageDb vivado.pb -notrace -source AXI_Modulador_v1_0.tcl


ECHO est  desactivado.
ECHO est  desactivado.

****** Vivado v2023.2 (64-bit)
  **** SW Build 4029153 on Fri Oct 13 20:14:34 MDT 2023
  **** IP Build 4028589 on Sat Oct 14 00:45:43 MDT 2023
  **** SharedData Build 4025554 on Tue Oct 10 17:18:54 MDT 2023
    ** Copyright 1986-2022 Xilinx, Inc. All Rights Reserved.
    ** Copyright 2022-2023 Advanced Micro Devices, Inc. All Rights Reserved.

source AXI_Modulador_v1_0.tcl -notrace
create_project: Time (s): cpu = 00:00:13 ; elapsed = 00:00:13 . Memory (MB): peak = 495.195 ; gain = 218.676
INFO: [IP_Flow 19-234] Refreshing IP repositories
INFO: [IP_Flow 19-1700] Loaded user IP repository 'f:/Proyecto_Final/repo/FinalProject_Ing/HW/src/ip/AXI_Modulador/AXI_Modulador_1_0'.
WARNING: [IP_Flow 19-2248] Failed to load user IP repository 'f:/Proyecto_Final/repo/FinalProject_Ing/ip_repo/AXI_Modulador_1_0'; Can't find the specified path.
If this directory should no longer be in your list of user repositories, go to the IP Settings dialog and remove it.
WARNING: [IP_Flow 19-2207] Repository 'f:/Proyecto_Final/repo/FinalProject_Ing/HW/src/ip/AXI_Modulador/AXI_Modulador_1_0' already exists; ignoring attempt to add it again.
INFO: [IP_Flow 19-1700] Loaded user IP repository 'f:/Proyecto_Final/repo/FinalProject_Ing/HW/src/ip/AXI_Modulador/AXI_Modulador_1_0'.
WARNING: [IP_Flow 19-2248] Failed to load user IP repository 'f:/Proyecto_Final/repo/FinalProject_Ing/ip/AXI_Modulador/AXI_Modulador_1_0'; Can't find the specified path.
If this directory should no longer be in your list of user repositories, go to the IP Settings dialog and remove it.
WARNING: [IP_Flow 19-2207] Repository 'f:/Proyecto_Final/repo/FinalProject_Ing/ip/AXI_Modulador/AXI_Modulador_1_0' already exists; ignoring attempt to add it again.
WARNING: [IP_Flow 19-2248] Failed to load user IP repository 'f:/Proyecto_Final/repo/FinalProject_Ing/ip/AXI_Modulador/AXI_Modulador_1_0'; Can't find the specified path.
If this directory should no longer be in your list of user repositories, go to the IP Settings dialog and remove it.
WARNING: [IP_Flow 19-2248] Failed to load user IP repository 'f:/Proyecto_Final/repo/FinalProject_Ing/ip/AXI_Modulador_1_0'; Can't find the specified path.
If this directory should no longer be in your list of user repositories, go to the IP Settings dialog and remove it.
WARNING: [IP_Flow 19-2207] Repository 'f:/Proyecto_Final/repo/FinalProject_Ing/ip_repo/AXI_Modulador_1_0' already exists; ignoring attempt to add it again.
WARNING: [IP_Flow 19-2248] Failed to load user IP repository 'f:/Proyecto_Final/repo/FinalProject_Ing/ip_repo/AXI_Modulador_1_0'; Can't find the specified path.
If this directory should no longer be in your list of user repositories, go to the IP Settings dialog and remove it.
WARNING: [IP_Flow 19-2248] Failed to load user IP repository 'f:/Proyecto_Final/repo/FinalProject_Ing/HW/src/ip_repo'; Can't find the specified path.
If this directory should no longer be in your list of user repositories, go to the IP Settings dialog and remove it.
INFO: [IP_Flow 19-2313] Loaded Vivado IP repository 'F:/Xilinx/Vivado/2023.2/data/ip'.
WARNING: [IP_Flow 19-4995] The host OS only allows 260 characters in a normal path. The IP cache path is more than 80 characters. If you experience issues with IP caching, please consider changing the IP cache to a location with a shorter path. Alternately consider using the OS subst command to map part of the path to a drive letter. 
Current IP cache path is f:/Proyecto_Final/repo/FinalProject_Ing/HW/src/ip/AXI_Modulador/edit_AXI_Modulador_v1_0.cache/ip 
Command: read_checkpoint -auto_incremental -incremental F:/Proyecto_Final/repo/FinalProject_Ing/HW/src/ip/AXI_Modulador/edit_AXI_Modulador_v1_0.srcs/utils_1/imports/synth_1/AXI_Modulador_v1_0.dcp
INFO: [Vivado 12-5825] Read reference checkpoint from F:/Proyecto_Final/repo/FinalProject_Ing/HW/src/ip/AXI_Modulador/edit_AXI_Modulador_v1_0.srcs/utils_1/imports/synth_1/AXI_Modulador_v1_0.dcp for incremental synthesis
INFO: [Vivado 12-7989] Please ensure there are no constraint changes
Command: synth_design -top AXI_Modulador_v1_0 -part xc7z007sclg400-1
Starting synth_design
Attempting to get a license for feature 'Synthesis' and/or device 'xc7z007s'
INFO: [Common 17-349] Got license for feature 'Synthesis' and/or device 'xc7z007s'
INFO: [Designutils 20-5440] No compile time benefit to using incremental synthesis; A full resynthesis will be run
INFO: [Designutils 20-4379] Flow is switching to default flow due to incremental criteria not met. If you would like to alter this behaviour and have the flow terminate instead, please set the following parameter config_implementation {autoIncr.Synth.RejectBehavior Terminate}
INFO: [Synth 8-7079] Multithreading enabled for synth_design using a maximum of 2 processes.
INFO: [Synth 8-7078] Launching helper process for spawning children vivado processes
INFO: [Synth 8-7075] Helper process launched with PID 15328
---------------------------------------------------------------------------------
Starting Synthesize : Time (s): cpu = 00:00:11 ; elapsed = 00:00:12 . Memory (MB): peak = 950.848 ; gain = 440.094
---------------------------------------------------------------------------------
INFO: [Synth 8-638] synthesizing module 'AXI_Modulador_v1_0' [F:/Proyecto_Final/repo/FinalProject_Ing/HW/src/ip/AXI_Modulador/AXI_Modulador_1_0/hdl/AXI_Modulador_v1_0.vhd:43]
	Parameter C_S_AXI_DATA_WIDTH bound to: 32 - type: integer 
	Parameter C_S_AXI_ADDR_WIDTH bound to: 5 - type: integer 
INFO: [Synth 8-3491] module 'AXI_Modulador_v1_0_S_AXI_PARAMS' declared at 'F:/Proyecto_Final/repo/FinalProject_Ing/HW/src/ip/AXI_Modulador/AXI_Modulador_1_0/hdl/AXI_Modulador_v1_0_S_AXI_PARAMS.vhd:5' bound to instance 'AXI_Modulador_v1_0_S_AXI_PARAMS_inst' of component 'AXI_Modulador_v1_0_S_AXI_PARAMS' [F:/Proyecto_Final/repo/FinalProject_Ing/HW/src/ip/AXI_Modulador/AXI_Modulador_1_0/hdl/AXI_Modulador_v1_0.vhd:112]
INFO: [Synth 8-638] synthesizing module 'AXI_Modulador_v1_0_S_AXI_PARAMS' [F:/Proyecto_Final/repo/FinalProject_Ing/HW/src/ip/AXI_Modulador/AXI_Modulador_1_0/hdl/AXI_Modulador_v1_0_S_AXI_PARAMS.vhd:85]
	Parameter C_S_AXI_DATA_WIDTH bound to: 32 - type: integer 
	Parameter C_S_AXI_ADDR_WIDTH bound to: 5 - type: integer 
INFO: [Synth 8-256] done synthesizing module 'AXI_Modulador_v1_0_S_AXI_PARAMS' (0#1) [F:/Proyecto_Final/repo/FinalProject_Ing/HW/src/ip/AXI_Modulador/AXI_Modulador_1_0/hdl/AXI_Modulador_v1_0_S_AXI_PARAMS.vhd:85]
INFO: [Synth 8-3491] module 'modulador' declared at 'F:/Proyecto_Final/repo/FinalProject_Ing/HW/src/hdl/Modulador.vhd:24' bound to instance 'Modulador_inst' of component 'Modulador' [F:/Proyecto_Final/repo/FinalProject_Ing/HW/src/ip/AXI_Modulador/AXI_Modulador_1_0/hdl/AXI_Modulador_v1_0.vhd:151]
INFO: [Synth 8-638] synthesizing module 'modulador' [F:/Proyecto_Final/repo/FinalProject_Ing/HW/src/hdl/Modulador.vhd:40]
	Parameter INIT bound to: 12'b000000000000 
	Parameter INITP_00 bound to: 256'b0000000000000000000000000000000000000000000000000000000000000000000000000000000000000000000000000000000000000000000000000000000000000000000000000000000000000000000000000000000000000000000000000000000000000000000000000000000000000000000000000000000000000000 
	Parameter INITP_01 bound to: 256'b0000000000000000000000000000000000000000000000000000000000000000000000000000000000000000000000000000000000000000000000000000000000000000000000000000000000000000000000000000000000000000000000000000000000000000000000000000000000000000000000000000000000000000 
	Parameter INITP_02 bound to: 256'b1111111111111111111111111111111111111111111111111111111111111111111111111111111111111111111111111111111111111111111111111111111111111111111111111111111111111111111111111111111111111111111111111111111111111111111111111111111111111111111111111111111111111110 
	Parameter INITP_03 bound to: 256'b1111111111111111111111111111111111111111111111111111111111111111111111111111111111111111111111111111111111111111111111111111111111111111111111111111111111111111111111111111111111111111111111111111111111111111111111111111111111111111111111111111111111111111 
	Parameter INITP_04 bound to: 256'b1111111111111111111111111111111111111111111111111111111111111111111111111111111111111111111111111111111111111111111111111111111111111111111111111111111111111111111111111111111111111111111111111111111111111111111111111111111111111111111111111111111111111111 
	Parameter INITP_05 bound to: 256'b1111111111111111111111111111111111111111111111111111111111111111111111111111111111111111111111111111111111111111111111111111111111111111111111111111111111111111111111111111111111111111111111111111111111111111111111111111111111111111111111111111111111111111 
	Parameter INITP_06 bound to: 256'b0000000000000000000000000000000000000000000000000000000000000000000000000000000000000000000000000000000000000000000000000000000000000000000000000000000000000000000000000000000000000000000000000000000000000000000000000000000000000000000000000000000000000000 
	Parameter INITP_07 bound to: 256'b0000000000000000000000000000000000000000000000000000000000000000000000000000000000000000000000000000000000000000000000000000000000000000000000000000000000000000000000000000000000000000000000000000000000000000000000000000000000000000000000000000000000000000 
	Parameter INIT_00 bound to: 256'b1111111011111110111111101111111011111110111111101111111011111110111111101111111011111110111111111111111111111111111111111111111111111111111111111111111111111111111111111111111111111111111111111111111111111111111111111111111111111111111111111111111111111111 
	Parameter INIT_01 bound to: 256'b1111101011111010111110111111101111111011111110111111101111111011111110111111110011111100111111001111110011111100111111001111110011111100111111001111110111111101111111011111110111111101111111011111110111111101111111011111110111111110111111101111111011111110 
	Parameter INIT_02 bound to: 256'b1111010011110100111101011111010111110101111101011111011011110110111101101111011011110110111101111111011111110111111101111111011111111000111110001111100011111000111110001111100011111001111110011111100111111001111110011111100111111010111110101111101011111010 
	Parameter INIT_03 bound to: 256'b1110110011101100111011001110110111101101111011011110111011101110111011101110111011101111111011111110111111110000111100001111000011110000111100011111000111110001111100011111001011110010111100101111001011110011111100111111001111110011111101001111010011110100 
	Parameter INIT_04 bound to: 256'b1110000111100010111000101110001011100011111000111110001111100100111001001110010011100101111001011110011011100110111001101110011111100111111001111110100011101000111010001110100011101001111010011110100111101010111010101110101011101011111010111110101111101100 
	Parameter INIT_05 bound to: 256'b1101010011010101110101011101011011010110110101111101011111010111110110001101100011011001110110011101101011011010110110101101101111011011110111001101110011011100110111011101110111011101110111101101111011011111110111111101111111100000111000001110000111100001 
	Parameter INIT_06 bound to: 256'b1100011011000110110001111100011111001000110010001100100111001001110010101100101011001010110010111100101111001100110011001100110111001101110011101100111011001111110011111101000011010000110100001101000111010001110100101101001011010011110100111101010011010100 
	Parameter INIT_07 bound to: 256'b1011010110110101101101101011011110110111101110001011100010111001101110011011101010111010101110111011101110111100101111001011110110111101101111101011111110111111110000001100000011000001110000011100001011000010110000111100001111000100110001001100010111000101 
	Parameter INIT_08 bound to: 256'b1010001010100011101001001010010010100101101001011010011010100111101001111010100010101000101010011010101010101010101010111010101110101100101011001010110110101110101011101010111110101111101100001011000010110001101100101011001010110011101100111011010010110100 
	Parameter INIT_09 bound to: 256'b1000111010001111100100001001000010010001100100101001001010010011100100111001010010010101100101011001011010010111100101111001100010011001100110011001101010011010100110111001110010011100100111011001111010011110100111111001111110100000101000011010000110100010 
	Parameter INIT_0A bound to: 256'b0111100101111010011110100111101101111100011111000111110101111110011111100111111110000000100000001000000110000010100000101000001110000100100001001000010110000110100001101000011110001000100010001000100110001010100010101000101110001100100011001000110110001110 
	Parameter INIT_0B bound to: 256'b0110001001100011011001000110010001100101011001100110011101100111011010000110100101101001011010100110101101101100011011000110110101101110011011100110111101110000011100010111000101110010011100110111001101110100011101010111010101110110011101110111100001111000 
	Parameter INIT_0C bound to: 256'b0100101101001100010011000100110101001110010011110100111101010000010100010101000101010010010100110101010001010100010101010101011001010111010101110101100001011001010110100101101001011011010111000101110101011101010111100101111101011111011000000110000101100010 
	Parameter INIT_0D bound to: 256'b0011001100110011001101000011010100110110001101100011011100111000001110010011100100111010001110110011110000111100001111010011111000111111001111110100000001000001010000100100001101000011010001000100010101000110010001100100011101001000010010010100100101001010 
	Parameter INIT_0E bound to: 256'b0001101000011011000110110001110000011101000111100001111000011111001000000010000100100010001000100010001100100100001001010010010100100110001001110010100000101001001010010010101000101011001011000010110000101101001011100010111100101111001100000011000100110010 
	Parameter INIT_0F bound to: 256'b0000000100000010000000100000001100000100000001010000010100000110000001110000100000001001000010010000101000001011000011000000110100001101000011100000111100010000000100000001000100010010000100110001010000010100000101010001011000010111000101110001100000011001 
	Parameter INIT_10 bound to: 256'b1110100011101001111010011110101011101011111011001110110011101101111011101110111111110000111100001111000111110010111100111111001111110100111101011111011011110111111101111111100011111001111110101111101111111011111111001111110111111110111111101111111100000000 
	Parameter INIT_11 bound to: 256'b1100111111010000110100011101000111010010110100111101010011010100110101011101011011010111110101111101100011011001110110101101101111011011110111001101110111011110110111101101111111100000111000011110001011100010111000111110010011100101111001011110011011100111 
	Parameter INIT_12 bound to: 256'b1011011110110111101110001011100110111010101110101011101110111100101111011011110110111110101111111100000011000001110000011100001011000011110001001100010011000101110001101100011111000111110010001100100111001010110010101100101111001100110011011100110111001110 
	Parameter INIT_13 bound to: 256'b1001111110100000101000011010000110100010101000111010001110100100101001011010011010100110101001111010100010101001101010011010101010101011101011001010110010101101101011101010111110101111101100001011000110110001101100101011001110110100101101001011010110110110 
	Parameter INIT_14 bound to: 256'b1000100010001001100010101000101110001011100011001000110110001101100011101000111110001111100100001001000110010010100100101001001110010100100101001001010110010110100101111001011110011000100110011001100110011010100110111001110010011100100111011001111010011110 
	Parameter INIT_15 bound to: 256'b0111001101110100011101000111010101110110011101100111011101111000011110000111100101111010011110100111101101111100011111000111110101111110011111100111111110000000100000001000000110000010100000101000001110000100100001001000010110000110100001101000011110001000 
	Parameter INIT_16 bound to: 256'b0101111101011111011000000110000101100001011000100110001001100011011001000110010001100101011001100110011001100111011001110110100001101001011010010110101001101011011010110110110001101101011011010110111001101110011011110111000001110000011100010111001001110010 
	Parameter INIT_17 bound to: 256'b0100110001001101010011010100111001001110010011110101000001010000010100010101000101010010010100100101001101010100010101000101010101010101010101100101011001010111010110000101100001011001010110010101101001011011010110110101110001011100010111010101111001011110 
	Parameter INIT_18 bound to: 256'b0011101100111100001111000011110100111101001111100011111000111111001111110100000001000000010000010100000101000010010000110100001101000100010001000100010101000101010001100100011001000111010001110100100001001000010010010100100101001010010010110100101101001100 
	Parameter INIT_19 bound to: 256'b0010110000101101001011010010111000101110001011110010111100110000001100000011000000110001001100010011001000110010001100110011001100110100001101000011010100110101001101100011011000110110001101110011011100111000001110000011100100111001001110100011101000111011 
	Parameter INIT_1A bound to: 256'b0001111100100000001000000010000100100001001000010010001000100010001000110010001100100011001001000010010000100100001001010010010100100110001001100010011000100111001001110010100000101000001010010010100100101001001010100010101000101011001010110010110000101100 
	Parameter INIT_1B bound to: 256'b0001010100010101000101010001011000010110000101100001011100010111000101110001100000011000000110000001100000011001000110010001100100011010000110100001101000011011000110110001110000011100000111000001110100011101000111010001111000011110000111100001111100011111 
	Parameter INIT_1C bound to: 256'b0000110000001100000011010000110100001101000011010000111000001110000011100000111000001111000011110000111100001111000100000001000000010000000100000001000100010001000100010001001000010010000100100001001000010011000100110001001100010100000101000001010000010100 
	Parameter INIT_1D bound to: 256'b0000011000000110000001100000011100000111000001110000011100000111000001110000100000001000000010000000100000001000000010000000100100001001000010010000100100001001000010100000101000001010000010100000101000001011000010110000101100001011000011000000110000001100 
	Parameter INIT_1E bound to: 256'b0000001000000010000000100000001100000011000000110000001100000011000000110000001100000011000000110000001100000100000001000000010000000100000001000000010000000100000001000000010000000101000001010000010100000101000001010000010100000101000001100000011000000110 
	Parameter INIT_1F bound to: 256'b0000000100000001000000010000000100000001000000010000000100000001000000010000000100000001000000010000000100000001000000010000000100000001000000010000000100000001000000100000001000000010000000100000001000000010000000100000001000000010000000100000001000000010 
	Parameter INIT_20 bound to: 256'b0000001000000010000000100000001000000010000000100000001000000010000000100000001000000010000000010000000100000001000000010000000100000001000000010000000100000001000000010000000100000001000000010000000100000001000000010000000100000001000000010000000100000001 
	Parameter INIT_21 bound to: 256'b0000011000000110000001010000010100000101000001010000010100000101000001010000010000000100000001000000010000000100000001000000010000000100000001000000001100000011000000110000001100000011000000110000001100000011000000110000001100000010000000100000001000000010 
	Parameter INIT_22 bound to: 256'b0000110000001100000010110000101100001011000010110000101000001010000010100000101000001010000010010000100100001001000010010000100100001000000010000000100000001000000010000000100000000111000001110000011100000111000001110000011100000110000001100000011000000110 
	Parameter INIT_23 bound to: 256'b0001010000010100000101000001001100010011000100110001001000010010000100100001001000010001000100010001000100010000000100000001000000010000000011110000111100001111000011110000111000001110000011100000111000001101000011010000110100001101000011000000110000001100 
	Parameter INIT_24 bound to: 256'b0001111100011110000111100001111000011101000111010001110100011100000111000001110000011011000110110001101000011010000110100001100100011001000110010001100000011000000110000001100000010111000101110001011100010110000101100001011000010101000101010001010100010100 
	Parameter INIT_25 bound to: 256'b0010110000101011001010110010101000101010001010010010100100101001001010000010100000100111001001110010011000100110001001100010010100100101001001000010010000100100001000110010001100100011001000100010001000100001001000010010000100100000001000000001111100011111 
	Parameter INIT_26 bound to: 256'b0011101000111010001110010011100100111000001110000011011100110111001101100011011000110110001101010011010100110100001101000011001100110011001100100011001000110001001100010011000000110000001100000010111100101111001011100010111000101101001011010010110000101100 
	Parameter INIT_27 bound to: 256'b0100101101001011010010100100100101001001010010000100100001000111010001110100011001000110010001010100010101000100010001000100001101000011010000100100000101000001010000000100000000111111001111110011111000111110001111010011110100111100001111000011101100111011 
	Parameter INIT_28 bound to: 256'b0101111001011101010111000101110001011011010110110101101001011001010110010101100001011000010101110101011001010110010101010101010101010100010101000101001101010010010100100101000101010001010100000101000001001111010011100100111001001101010011010100110001001100 
	Parameter INIT_29 bound to: 256'b0111001001110001011100000111000001101111011011100110111001101101011011010110110001101011011010110110101001101001011010010110100001100111011001110110011001100110011001010110010001100100011000110110001001100010011000010110000101100000010111110101111101011110 
	Parameter INIT_2A bound to: 256'b1000011110000110100001101000010110000100100001001000001110000010100000101000000110000000100000000111111101111110011111100111110101111100011111000111101101111010011110100111100101111000011110000111011101110110011101100111010101110100011101000111001101110010 
	Parameter INIT_2B bound to: 256'b1001111010011101100111001001110010011011100110101001100110011001100110001001011110010111100101101001010110010100100101001001001110010010100100101001000110010000100011111000111110001110100011011000110110001100100010111000101110001010100010011000100010001000 
	Parameter INIT_2C bound to: 256'b1011010110110100101101001011001110110010101100011011000110110000101011111010111110101110101011011010110010101100101010111010101010101001101010011010100010100111101001101010011010100101101001001010001110100011101000101010000110100001101000001001111110011110 
	Parameter INIT_2D bound to: 256'b1100110111001101110011001100101111001010110010101100100111001000110001111100011111000110110001011100010011000100110000111100001011000001110000011100000010111111101111101011110110111101101111001011101110111010101110101011100110111000101101111011011110110110 
	Parameter INIT_2E bound to: 256'b1110011011100101111001011110010011100011111000101110001011100001111000001101111111011110110111101101110111011100110110111101101111011010110110011101100011010111110101111101011011010101110101001101010011010011110100101101000111010001110100001100111111001110 
	Parameter INIT_2F bound to: 256'b1111111111111110111111101111110111111100111110111111101111111010111110011111100011110111111101111111011011110101111101001111001111110011111100101111000111110000111100001110111111101110111011011110110011101100111010111110101011101001111010011110100011100111 
	Parameter INIT_30 bound to: 256'b0001100000010111000101110001011000010101000101000001010000010011000100100001000100010000000100000000111100001110000011010000110100001100000010110000101000001001000010010000100000000111000001100000010100000101000001000000001100000010000000100000000100000000 
	Parameter INIT_31 bound to: 256'b0011000100110000001011110010111100101110001011010010110000101100001010110010101000101001001010010010100000100111001001100010010100100101001001000010001100100010001000100010000100100000000111110001111000011110000111010001110000011011000110110001101000011001 
	Parameter INIT_32 bound to: 256'b0100100101001001010010000100011101000110010001100100010101000100010000110100001101000010010000010100000000111111001111110011111000111101001111000011110000111011001110100011100100111001001110000011011100110110001101100011010100110100001100110011001100110010 
	Parameter INIT_33 bound to: 256'b0110000101100000010111110101111101011110010111010101110101011100010110110101101001011010010110010101100001010111010101110101011001010101010101000101010001010011010100100101000101010001010100000100111101001111010011100100110101001100010011000100101101001010 
	Parameter INIT_34 bound to: 256'b0111100001110111011101100111010101110101011101000111001101110011011100100111000101110001011100000110111101101110011011100110110101101100011011000110101101101010011010010110100101101000011001110110011101100110011001010110010001100100011000110110001001100010 
	Parameter INIT_35 bound to: 256'b1000110110001100100011001000101110001010100010101000100110001000100010001000011110000110100001101000010110000100100001001000001110000010100000101000000110000000100000000111111101111110011111100111110101111100011111000111101101111010011110100111100101111000 
	Parameter INIT_36 bound to: 256'b1010000110100001101000001001111110011111100111101001111010011101100111001001110010011011100110101001101010011001100110011001100010010111100101111001011010010101100101011001010010010011100100111001001010010010100100011001000010010000100011111000111010001110 
	Parameter INIT_37 bound to: 256'b1011010010110011101100111011001010110010101100011011000010110000101011111010111110101110101011101010110110101100101011001010101110101011101010101010101010101001101010001010100010100111101001111010011010100101101001011010010010100100101000111010001010100010 
	Parameter INIT_38 bound to: 256'b1100010111000100110001001100001111000011110000101100001011000001110000011100000011000000101111111011111110111110101111011011110110111100101111001011101110111011101110101011101010111001101110011011100010111000101101111011011110110110101101011011010110110100 
	Parameter INIT_39 bound to: 256'b1101010011010011110100111101001011010010110100011101000111010000110100001101000011001111110011111100111011001110110011011100110111001100110011001100101111001011110010101100101011001010110010011100100111001000110010001100011111000111110001101100011011000101 
	Parameter INIT_3A bound to: 256'b1110000111100000111000001101111111011111110111111101111011011110110111011101110111011101110111001101110011011100110110111101101111011010110110101101101011011001110110011101100011011000110101111101011111010111110101101101011011010101110101011101010011010100 
	Parameter INIT_3B bound to: 256'b1110101111101011111010111110101011101010111010101110100111101001111010011110100011101000111010001110100011100111111001111110011111100110111001101110011011100101111001011110010011100100111001001110001111100011111000111110001011100010111000101110000111100001 
	Parameter INIT_3C bound to: 256'b1111010011110100111100111111001111110011111100111111001011110010111100101111001011110001111100011111000111110001111100001111000011110000111100001110111111101111111011111110111011101110111011101110111011101101111011011110110111101100111011001110110011101100 
	Parameter INIT_3D bound to: 256'b1111101011111010111110101111100111111001111110011111100111111001111110011111100011111000111110001111100011111000111110001111011111110111111101111111011111110111111101101111011011110110111101101111011011110101111101011111010111110101111101001111010011110100 
	Parameter INIT_3E bound to: 256'b1111111011111110111111101111110111111101111111011111110111111101111111011111110111111101111111011111110111111100111111001111110011111100111111001111110011111100111111001111110011111011111110111111101111111011111110111111101111111011111110101111101011111010 
	Parameter INIT_3F bound to: 256'b1111111111111111111111111111111111111111111111111111111111111111111111111111111111111111111111111111111111111111111111111111111111111111111111111111111111111111111111101111111011111110111111101111111011111110111111101111111011111110111111101111111011111110 
	Parameter SRVAL bound to: 12'b000000000000 
	Parameter WRITE_MODE bound to: WRITE_FIRST - type: string 
INFO: [Synth 8-113] binding component instance 'modu_2048x9' to cell 'RAMB16_S9' [F:/Proyecto_Final/repo/FinalProject_Ing/HW/src/hdl/Modulador.vhd:749]
INFO: [Synth 8-3491] module 'red_sector' declared at 'F:/Proyecto_Final/repo/FinalProject_Ing/HW/src/hdl/red_sector.vhd:22' bound to instance 'red_sector_inst00' of component 'red_sector' [F:/Proyecto_Final/repo/FinalProject_Ing/HW/src/hdl/Modulador.vhd:849]
INFO: [Synth 8-638] synthesizing module 'red_sector' [F:/Proyecto_Final/repo/FinalProject_Ing/HW/src/hdl/red_sector.vhd:50]
INFO: [Synth 8-256] done synthesizing module 'red_sector' (0#1) [F:/Proyecto_Final/repo/FinalProject_Ing/HW/src/hdl/red_sector.vhd:50]
INFO: [Synth 8-256] done synthesizing module 'modulador' (0#1) [F:/Proyecto_Final/repo/FinalProject_Ing/HW/src/hdl/Modulador.vhd:40]
INFO: [Synth 8-256] done synthesizing module 'AXI_Modulador_v1_0' (0#1) [F:/Proyecto_Final/repo/FinalProject_Ing/HW/src/ip/AXI_Modulador/AXI_Modulador_1_0/hdl/AXI_Modulador_v1_0.vhd:43]
WARNING: [Synth 8-7129] Port S_AXI_AWPROT[2] in module AXI_Modulador_v1_0_S_AXI_PARAMS is either unconnected or has no load
WARNING: [Synth 8-7129] Port S_AXI_AWPROT[1] in module AXI_Modulador_v1_0_S_AXI_PARAMS is either unconnected or has no load
WARNING: [Synth 8-7129] Port S_AXI_AWPROT[0] in module AXI_Modulador_v1_0_S_AXI_PARAMS is either unconnected or has no load
WARNING: [Synth 8-7129] Port S_AXI_ARPROT[2] in module AXI_Modulador_v1_0_S_AXI_PARAMS is either unconnected or has no load
WARNING: [Synth 8-7129] Port S_AXI_ARPROT[1] in module AXI_Modulador_v1_0_S_AXI_PARAMS is either unconnected or has no load
WARNING: [Synth 8-7129] Port S_AXI_ARPROT[0] in module AXI_Modulador_v1_0_S_AXI_PARAMS is either unconnected or has no load
---------------------------------------------------------------------------------
Finished Synthesize : Time (s): cpu = 00:00:16 ; elapsed = 00:00:18 . Memory (MB): peak = 1072.727 ; gain = 561.973
---------------------------------------------------------------------------------
---------------------------------------------------------------------------------
Finished Constraint Validation : Time (s): cpu = 00:00:18 ; elapsed = 00:00:19 . Memory (MB): peak = 1072.727 ; gain = 561.973
---------------------------------------------------------------------------------
---------------------------------------------------------------------------------
Start Loading Part and Timing Information
---------------------------------------------------------------------------------
Loading part: xc7z007sclg400-1
---------------------------------------------------------------------------------
Finished Loading Part and Timing Information : Time (s): cpu = 00:00:18 ; elapsed = 00:00:19 . Memory (MB): peak = 1072.727 ; gain = 561.973
---------------------------------------------------------------------------------
INFO: [Device 21-403] Loading part xc7z007sclg400-1
WARNING: [Synth 8-3936] Found unconnected internal register 'tmp_al_o_reg' and it is trimmed from '12' to '11' bits. [F:/Proyecto_Final/repo/FinalProject_Ing/HW/src/hdl/red_sector.vhd:85]
WARNING: [Synth 8-3936] Found unconnected internal register 'tmp_be_i_reg' and it is trimmed from '12' to '11' bits. [F:/Proyecto_Final/repo/FinalProject_Ing/HW/src/hdl/red_sector.vhd:171]
---------------------------------------------------------------------------------
Finished RTL Optimization Phase 2 : Time (s): cpu = 00:00:22 ; elapsed = 00:00:21 . Memory (MB): peak = 1072.727 ; gain = 561.973
---------------------------------------------------------------------------------
No constraint files found.
---------------------------------------------------------------------------------
Start RTL Component Statistics 
---------------------------------------------------------------------------------
Detailed RTL Component Info : 
+---Adders : 
	   2 Input   12 Bit       Adders := 11    
	   2 Input   11 Bit       Adders := 6     
	   2 Input   10 Bit       Adders := 1     
	   3 Input   10 Bit       Adders := 1     
	   3 Input    9 Bit       Adders := 1     
	   2 Input    9 Bit       Adders := 1     
	   2 Input    4 Bit       Adders := 1     
	   2 Input    1 Bit       Adders := 1     
+---XORs : 
	   2 Input      1 Bit         XORs := 1     
+---Registers : 
	               32 Bit    Registers := 7     
	               18 Bit    Registers := 7     
	               12 Bit    Registers := 2     
	               11 Bit    Registers := 11    
	               10 Bit    Registers := 7     
	                9 Bit    Registers := 13    
	                8 Bit    Registers := 1     
	                5 Bit    Registers := 3     
	                4 Bit    Registers := 2     
	                3 Bit    Registers := 3     
	                2 Bit    Registers := 2     
	                1 Bit    Registers := 11    
+---Muxes : 
	   2 Input   35 Bit        Muxes := 1     
	   2 Input   32 Bit        Muxes := 6     
	   7 Input   32 Bit        Muxes := 6     
	   7 Input   18 Bit        Muxes := 1     
	   8 Input   11 Bit        Muxes := 2     
	   2 Input   11 Bit        Muxes := 3     
	  16 Input   11 Bit        Muxes := 3     
	   2 Input   10 Bit        Muxes := 4     
	   3 Input   10 Bit        Muxes := 1     
	  14 Input   10 Bit        Muxes := 1     
	   8 Input   10 Bit        Muxes := 1     
	   2 Input    9 Bit        Muxes := 2     
	  20 Input    9 Bit        Muxes := 1     
	   7 Input    9 Bit        Muxes := 1     
	   2 Input    8 Bit        Muxes := 1     
	   7 Input    5 Bit        Muxes := 1     
	   2 Input    3 Bit        Muxes := 4     
	   8 Input    3 Bit        Muxes := 2     
	  11 Input    3 Bit        Muxes := 1     
	  19 Input    3 Bit        Muxes := 1     
	  14 Input    3 Bit        Muxes := 1     
	  20 Input    2 Bit        Muxes := 1     
	   6 Input    2 Bit        Muxes := 2     
	   2 Input    1 Bit        Muxes := 55    
	   8 Input    1 Bit        Muxes := 14    
	  16 Input    1 Bit        Muxes := 11    
	  11 Input    1 Bit        Muxes := 1     
	  12 Input    1 Bit        Muxes := 9     
	  19 Input    1 Bit        Muxes := 2     
	  20 Input    1 Bit        Muxes := 5     
	   7 Input    1 Bit        Muxes := 6     
---------------------------------------------------------------------------------
Finished RTL Component Statistics 
---------------------------------------------------------------------------------
---------------------------------------------------------------------------------
Start Part Resource Summary
---------------------------------------------------------------------------------
Part Resources:
DSPs: 66 (col length:40)
BRAMs: 100 (col length: RAMB18 40 RAMB36 20)
---------------------------------------------------------------------------------
Finished Part Resource Summary
---------------------------------------------------------------------------------
No constraint files found.
---------------------------------------------------------------------------------
Start Cross Boundary and Area Optimization
---------------------------------------------------------------------------------
WARNING: [Synth 8-7080] Parallel synthesis criteria is not met
DSP Report: Generating DSP multOp, operation Mode is: C+A2*B.
DSP Report: register mod_profa_reg is absorbed into DSP multOp.
DSP Report: operator multOp is absorbed into DSP multOp.
DSP Report: operator multOp is absorbed into DSP multOp.
WARNING: [Synth 8-7129] Port S_AXI_AWPROT[2] in module AXI_Modulador_v1_0_S_AXI_PARAMS is either unconnected or has no load
WARNING: [Synth 8-7129] Port S_AXI_AWPROT[1] in module AXI_Modulador_v1_0_S_AXI_PARAMS is either unconnected or has no load
WARNING: [Synth 8-7129] Port S_AXI_AWPROT[0] in module AXI_Modulador_v1_0_S_AXI_PARAMS is either unconnected or has no load
WARNING: [Synth 8-7129] Port S_AXI_ARPROT[2] in module AXI_Modulador_v1_0_S_AXI_PARAMS is either unconnected or has no load
WARNING: [Synth 8-7129] Port S_AXI_ARPROT[1] in module AXI_Modulador_v1_0_S_AXI_PARAMS is either unconnected or has no load
WARNING: [Synth 8-7129] Port S_AXI_ARPROT[0] in module AXI_Modulador_v1_0_S_AXI_PARAMS is either unconnected or has no load
---------------------------------------------------------------------------------
Finished Cross Boundary and Area Optimization : Time (s): cpu = 00:00:43 ; elapsed = 00:00:45 . Memory (MB): peak = 1284.270 ; gain = 773.516
---------------------------------------------------------------------------------
 Sort Area is  multOp_0 : 0 0 : 2406 2406 : Used 1 time 0
---------------------------------------------------------------------------------
Start ROM, RAM, DSP, Shift Register and Retiming Reporting
---------------------------------------------------------------------------------

ROM: Preliminary Mapping Report
+------------+------------+---------------+----------------+
|Module Name | RTL Object | Depth x Width | Implemented As | 
+------------+------------+---------------+----------------+
|modulador   | swseq120   | 32x9          | LUT            | 
+------------+------------+---------------+----------------+


DSP: Preliminary Mapping Report (see note below. The ' indicates corresponding REG is set)
+------------+-------------+--------+--------+--------+--------+--------+------+------+------+------+-------+------+------+
|Module Name | DSP Mapping | A Size | B Size | C Size | D Size | P Size | AREG | BREG | CREG | DREG | ADREG | MREG | PREG | 
+------------+-------------+--------+--------+--------+--------+--------+------+------+------+------+-------+------+------+
|modulador   | C+A2*B      | 18     | 17     | 35     | -      | 36     | 1    | 0    | 0    | -    | -     | 0    | 0    | 
+------------+-------------+--------+--------+--------+--------+--------+------+------+------+------+-------+------+------+

Note: The table above is a preliminary report that shows the DSPs inferred at the current stage of the synthesis flow. Some DSP may be reimplemented as non DSP primitives later in the synthesis flow. Multiple instantiated DSPs are reported only once.
---------------------------------------------------------------------------------
Finished ROM, RAM, DSP, Shift Register and Retiming Reporting
---------------------------------------------------------------------------------
No constraint files found.
---------------------------------------------------------------------------------
Start Timing Optimization
---------------------------------------------------------------------------------
---------------------------------------------------------------------------------
Finished Timing Optimization : Time (s): cpu = 00:00:43 ; elapsed = 00:00:45 . Memory (MB): peak = 1284.270 ; gain = 773.516
---------------------------------------------------------------------------------
---------------------------------------------------------------------------------
Start Technology Mapping
---------------------------------------------------------------------------------
---------------------------------------------------------------------------------
Finished Technology Mapping : Time (s): cpu = 00:00:44 ; elapsed = 00:00:46 . Memory (MB): peak = 1289.262 ; gain = 778.508
---------------------------------------------------------------------------------
---------------------------------------------------------------------------------
Start IO Insertion
---------------------------------------------------------------------------------
---------------------------------------------------------------------------------
Start Flattening Before IO Insertion
---------------------------------------------------------------------------------
---------------------------------------------------------------------------------
Finished Flattening Before IO Insertion
---------------------------------------------------------------------------------
---------------------------------------------------------------------------------
Start Final Netlist Cleanup
---------------------------------------------------------------------------------
---------------------------------------------------------------------------------
Finished Final Netlist Cleanup
---------------------------------------------------------------------------------
---------------------------------------------------------------------------------
Finished IO Insertion : Time (s): cpu = 00:00:55 ; elapsed = 00:00:57 . Memory (MB): peak = 1289.262 ; gain = 778.508
---------------------------------------------------------------------------------
---------------------------------------------------------------------------------
Start Renaming Generated Instances
---------------------------------------------------------------------------------
---------------------------------------------------------------------------------
Finished Renaming Generated Instances : Time (s): cpu = 00:00:55 ; elapsed = 00:00:57 . Memory (MB): peak = 1289.262 ; gain = 778.508
---------------------------------------------------------------------------------
---------------------------------------------------------------------------------
Start Rebuilding User Hierarchy
---------------------------------------------------------------------------------
---------------------------------------------------------------------------------
Finished Rebuilding User Hierarchy : Time (s): cpu = 00:00:55 ; elapsed = 00:00:57 . Memory (MB): peak = 1289.262 ; gain = 778.508
---------------------------------------------------------------------------------
---------------------------------------------------------------------------------
Start Renaming Generated Ports
---------------------------------------------------------------------------------
---------------------------------------------------------------------------------
Finished Renaming Generated Ports : Time (s): cpu = 00:00:55 ; elapsed = 00:00:57 . Memory (MB): peak = 1289.262 ; gain = 778.508
---------------------------------------------------------------------------------
---------------------------------------------------------------------------------
Start Handling Custom Attributes
---------------------------------------------------------------------------------
---------------------------------------------------------------------------------
Finished Handling Custom Attributes : Time (s): cpu = 00:00:55 ; elapsed = 00:00:57 . Memory (MB): peak = 1289.262 ; gain = 778.508
---------------------------------------------------------------------------------
---------------------------------------------------------------------------------
Start Renaming Generated Nets
---------------------------------------------------------------------------------
---------------------------------------------------------------------------------
Finished Renaming Generated Nets : Time (s): cpu = 00:00:55 ; elapsed = 00:00:57 . Memory (MB): peak = 1289.262 ; gain = 778.508
---------------------------------------------------------------------------------
---------------------------------------------------------------------------------
Start Writing Synthesis Report
---------------------------------------------------------------------------------

DSP Final Report (the ' indicates corresponding REG is set)
+------------+-------------+--------+--------+--------+--------+--------+------+------+------+------+-------+------+------+
|Module Name | DSP Mapping | A Size | B Size | C Size | D Size | P Size | AREG | BREG | CREG | DREG | ADREG | MREG | PREG | 
+------------+-------------+--------+--------+--------+--------+--------+------+------+------+------+-------+------+------+
|modulador   | Dynamic     | -      | -      | -      | -      | 36     | -    | -    | -    | -    | -     | 0    | 0    | 
+------------+-------------+--------+--------+--------+--------+--------+------+------+------+------+-------+------+------+


Report BlackBoxes: 
+-+--------------+----------+
| |BlackBox name |Instances |
+-+--------------+----------+
+-+--------------+----------+

Report Cell Usage: 
+------+----------+------+
|      |Cell      |Count |
+------+----------+------+
|1     |BUFG      |     1|
|2     |CARRY4    |    25|
|3     |DSP48E1   |     1|
|4     |LUT1      |    19|
|5     |LUT2      |    71|
|6     |LUT3      |    81|
|7     |LUT4      |    59|
|8     |LUT5      |   107|
|9     |LUT6      |   306|
|10    |MUXF7     |     7|
|11    |RAMB16_S9 |     1|
|12    |FDCE      |     4|
|13    |FDPE      |     7|
|14    |FDRE      |   608|
|15    |FDSE      |    53|
|16    |IBUF      |    49|
|17    |OBUF      |    51|
+------+----------+------+

Report Instance Areas: 
+------+---------------------------------------+--------------------------------+------+
|      |Instance                               |Module                          |Cells |
+------+---------------------------------------+--------------------------------+------+
|1     |top                                    |                                |  1450|
|2     |  AXI_Modulador_v1_0_S_AXI_PARAMS_inst |AXI_Modulador_v1_0_S_AXI_PARAMS |   465|
|3     |  Modulador_inst                       |modulador                       |   884|
|4     |    red_sector_inst00                  |red_sector                      |   195|
+------+---------------------------------------+--------------------------------+------+
---------------------------------------------------------------------------------
Finished Writing Synthesis Report : Time (s): cpu = 00:00:55 ; elapsed = 00:00:57 . Memory (MB): peak = 1289.262 ; gain = 778.508
---------------------------------------------------------------------------------
Synthesis finished with 0 errors, 0 critical warnings and 15 warnings.
Synthesis Optimization Runtime : Time (s): cpu = 00:00:55 ; elapsed = 00:00:57 . Memory (MB): peak = 1289.262 ; gain = 778.508
Synthesis Optimization Complete : Time (s): cpu = 00:00:55 ; elapsed = 00:00:57 . Memory (MB): peak = 1289.262 ; gain = 778.508
INFO: [Project 1-571] Translating synthesized netlist
Netlist sorting complete. Time (s): cpu = 00:00:01 ; elapsed = 00:00:00.041 . Memory (MB): peak = 1292.070 ; gain = 0.000
INFO: [Netlist 29-17] Analyzing 34 Unisim elements for replacement
INFO: [Netlist 29-28] Unisim Transformation completed in 0 CPU seconds
INFO: [Project 1-570] Preparing netlist for logic optimization
INFO: [Opt 31-138] Pushed 0 inverter(s) to 0 load pin(s).
Netlist sorting complete. Time (s): cpu = 00:00:00 ; elapsed = 00:00:00 . Memory (MB): peak = 1364.910 ; gain = 0.000
INFO: [Project 1-111] Unisim Transformation Summary:
  A total of 1 instances were transformed.
  RAMB16_S9 => RAMB18E1: 1 instance 

El sistema no puede encontrar la ruta especificada.
Synth Design complete | Checksum: 57320fd9
INFO: [Common 17-83] Releasing license: Synthesis
32 Infos, 25 Warnings, 0 Critical Warnings and 0 Errors encountered.
synth_design completed successfully
synth_design: Time (s): cpu = 00:01:00 ; elapsed = 00:01:02 . Memory (MB): peak = 1364.910 ; gain = 862.082
Write ShapeDB Complete: Time (s): cpu = 00:00:00 ; elapsed = 00:00:00.009 . Memory (MB): peak = 1364.910 ; gain = 0.000
INFO: [Common 17-1381] The checkpoint 'F:/Proyecto_Final/repo/FinalProject_Ing/HW/src/ip/AXI_Modulador/edit_AXI_Modulador_v1_0.runs/synth_1/AXI_Modulador_v1_0.dcp' has been generated.
INFO: [runtcl-4] Executing : report_utilization -file AXI_Modulador_v1_0_utilization_synth.rpt -pb AXI_Modulador_v1_0_utilization_synth.pb
INFO: [Common 17-206] Exiting Vivado at Sat May 24 16:04:06 2025...
