Time resolution is 1 ps
Note: Test Case 1: Single data transfer
Time: 110 ns  Iteration: 0  Process: /AXI_Modulador_tb/stimulus  File: F:/Proyecto_Final/repo/FinalProject_Ing/HW/src/tb/axi-modulador-testbench.vhd
Note: Transaction 0 Data: 174762 TLAST: '0'
Time: 132500 ps  Iteration: 0  Process: /AXI_Modulador_tb/monitor  File: F:/Proyecto_Final/repo/FinalProject_Ing/HW/src/tb/axi-modulador-testbench.vhd
Note: Transaction 1 Data: 174762 TLAST: '0'
Time: 137500 ps  Iteration: 0  Process: /AXI_Modulador_tb/monitor  File: F:/Proyecto_Final/repo/FinalProject_Ing/HW/src/tb/axi-modulador-testbench.vhd
Note: Transaction 2 Data: 174762 TLAST: '1'
Time: 142500 ps  Iteration: 0  Process: /AXI_Modulador_tb/monitor  File: F:/Proyecto_Final/repo/FinalProject_Ing/HW/src/tb/axi-modulador-testbench.vhd
Note: Transaction 3 Data: 174762 TLAST: '0'
Time: 147500 ps  Iteration: 0  Process: /AXI_Modulador_tb/monitor  File: F:/Proyecto_Final/repo/FinalProject_Ing/HW/src/tb/axi-modulador-testbench.vhd
Note: Transaction 4 Data: 174762 TLAST: '0'
Time: 152500 ps  Iteration: 0  Process: /AXI_Modulador_tb/monitor  File: F:/Proyecto_Final/repo/FinalProject_Ing/HW/src/tb/axi-modulador-testbench.vhd
Note: Test Case 2: Multiple consecutive transfers
Time: 155 ns  Iteration: 0  Process: /AXI_Modulador_tb/stimulus  File: F:/Proyecto_Final/repo/FinalProject_Ing/HW/src/tb/axi-modulador-testbench.vhd
Note: Transaction 5 Data: 0 TLAST: '0'
Time: 177500 ps  Iteration: 0  Process: /AXI_Modulador_tb/monitor  File: F:/Proyecto_Final/repo/FinalProject_Ing/HW/src/tb/axi-modulador-testbench.vhd
Note: Transaction 6 Data: 0 TLAST: '0'
Time: 182500 ps  Iteration: 0  Process: /AXI_Modulador_tb/monitor  File: F:/Proyecto_Final/repo/FinalProject_Ing/HW/src/tb/axi-modulador-testbench.vhd
Note: Transaction 7 Data: 0 TLAST: '1'
Time: 187500 ps  Iteration: 0  Process: /AXI_Modulador_tb/monitor  File: F:/Proyecto_Final/repo/FinalProject_Ing/HW/src/tb/axi-modulador-testbench.vhd
Note: Transaction 8 Data: 0 TLAST: '0'
Time: 192500 ps  Iteration: 0  Process: /AXI_Modulador_tb/monitor  File: F:/Proyecto_Final/repo/FinalProject_Ing/HW/src/tb/axi-modulador-testbench.vhd
Note: Transaction 9 Data: 0 TLAST: '0'
Time: 197500 ps  Iteration: 0  Process: /AXI_Modulador_tb/monitor  File: F:/Proyecto_Final/repo/FinalProject_Ing/HW/src/tb/axi-modulador-testbench.vhd
Note: Transaction 10 Data: 1 TLAST: '0'
Time: 222500 ps  Iteration: 0  Process: /AXI_Modulador_tb/monitor  File: F:/Proyecto_Final/repo/FinalProject_Ing/HW/src/tb/axi-modulador-testbench.vhd
Note: Transaction 11 Data: 1 TLAST: '0'
Time: 227500 ps  Iteration: 0  Process: /AXI_Modulador_tb/monitor  File: F:/Proyecto_Final/repo/FinalProject_Ing/HW/src/tb/axi-modulador-testbench.vhd
Note: Transaction 12 Data: 1 TLAST: '1'
Time: 232500 ps  Iteration: 0  Process: /AXI_Modulador_tb/monitor  File: F:/Proyecto_Final/repo/FinalProject_Ing/HW/src/tb/axi-modulador-testbench.vhd
Note: Transaction 13 Data: 1 TLAST: '0'
Time: 237500 ps  Iteration: 0  Process: /AXI_Modulador_tb/monitor  File: F:/Proyecto_Final/repo/FinalProject_Ing/HW/src/tb/axi-modulador-testbench.vhd
Note: Transaction 14 Data: 1 TLAST: '0'
Time: 242500 ps  Iteration: 0  Process: /AXI_Modulador_tb/monitor  File: F:/Proyecto_Final/repo/FinalProject_Ing/HW/src/tb/axi-modulador-testbench.vhd
Note: Transaction 15 Data: 2 TLAST: '0'
Time: 267500 ps  Iteration: 0  Process: /AXI_Modulador_tb/monitor  File: F:/Proyecto_Final/repo/FinalProject_Ing/HW/src/tb/axi-modulador-testbench.vhd
Note: Transaction 16 Data: 2 TLAST: '0'
Time: 272500 ps  Iteration: 0  Process: /AXI_Modulador_tb/monitor  File: F:/Proyecto_Final/repo/FinalProject_Ing/HW/src/tb/axi-modulador-testbench.vhd
Note: Transaction 17 Data: 2 TLAST: '1'
Time: 277500 ps  Iteration: 0  Process: /AXI_Modulador_tb/monitor  File: F:/Proyecto_Final/repo/FinalProject_Ing/HW/src/tb/axi-modulador-testbench.vhd
Note: Transaction 18 Data: 2 TLAST: '0'
Time: 282500 ps  Iteration: 0  Process: /AXI_Modulador_tb/monitor  File: F:/Proyecto_Final/repo/FinalProject_Ing/HW/src/tb/axi-modulador-testbench.vhd
Note: Transaction 19 Data: 2 TLAST: '0'
Time: 287500 ps  Iteration: 0  Process: /AXI_Modulador_tb/monitor  File: F:/Proyecto_Final/repo/FinalProject_Ing/HW/src/tb/axi-modulador-testbench.vhd
Note: Transaction 20 Data: 3 TLAST: '0'
Time: 312500 ps  Iteration: 0  Process: /AXI_Modulador_tb/monitor  File: F:/Proyecto_Final/repo/FinalProject_Ing/HW/src/tb/axi-modulador-testbench.vhd
Note: Transaction 21 Data: 3 TLAST: '0'
Time: 317500 ps  Iteration: 0  Process: /AXI_Modulador_tb/monitor  File: F:/Proyecto_Final/repo/FinalProject_Ing/HW/src/tb/axi-modulador-testbench.vhd
Note: Transaction 22 Data: 3 TLAST: '1'
Time: 322500 ps  Iteration: 0  Process: /AXI_Modulador_tb/monitor  File: F:/Proyecto_Final/repo/FinalProject_Ing/HW/src/tb/axi-modulador-testbench.vhd
Note: Transaction 23 Data: 3 TLAST: '0'
Time: 327500 ps  Iteration: 0  Process: /AXI_Modulador_tb/monitor  File: F:/Proyecto_Final/repo/FinalProject_Ing/HW/src/tb/axi-modulador-testbench.vhd
Note: Transaction 24 Data: 3 TLAST: '0'
Time: 332500 ps  Iteration: 0  Process: /AXI_Modulador_tb/monitor  File: F:/Proyecto_Final/repo/FinalProject_Ing/HW/src/tb/axi-modulador-testbench.vhd
Note: Test Case 3: Transfer with TREADY toggling
Time: 335 ns  Iteration: 0  Process: /AXI_Modulador_tb/stimulus  File: F:/Proyecto_Final/repo/FinalProject_Ing/HW/src/tb/axi-modulador-testbench.vhd
Note: Test Case 4: Back-to-back transfers
Time: 390 ns  Iteration: 0  Process: /AXI_Modulador_tb/stimulus  File: F:/Proyecto_Final/repo/FinalProject_Ing/HW/src/tb/axi-modulador-testbench.vhd
Note: Transaction 25 Data: 1023 TLAST: '0'
Time: 412500 ps  Iteration: 0  Process: /AXI_Modulador_tb/monitor  File: F:/Proyecto_Final/repo/FinalProject_Ing/HW/src/tb/axi-modulador-testbench.vhd
Note: Transaction 26 Data: 1023 TLAST: '0'
Time: 417500 ps  Iteration: 0  Process: /AXI_Modulador_tb/monitor  File: F:/Proyecto_Final/repo/FinalProject_Ing/HW/src/tb/axi-modulador-testbench.vhd
Note: Transaction 27 Data: 1023 TLAST: '1'
Time: 422500 ps  Iteration: 0  Process: /AXI_Modulador_tb/monitor  File: F:/Proyecto_Final/repo/FinalProject_Ing/HW/src/tb/axi-modulador-testbench.vhd
Note: Transaction 28 Data: 261120 TLAST: '0'
Time: 427500 ps  Iteration: 0  Process: /AXI_Modulador_tb/monitor  File: F:/Proyecto_Final/repo/FinalProject_Ing/HW/src/tb/axi-modulador-testbench.vhd
Note: Transaction 29 Data: 261120 TLAST: '0'
Time: 432500 ps  Iteration: 0  Process: /AXI_Modulador_tb/monitor  File: F:/Proyecto_Final/repo/FinalProject_Ing/HW/src/tb/axi-modulador-testbench.vhd
Note: Transaction 30 Data: 261120 TLAST: '0'
Time: 447500 ps  Iteration: 0  Process: /AXI_Modulador_tb/monitor  File: F:/Proyecto_Final/repo/FinalProject_Ing/HW/src/tb/axi-modulador-testbench.vhd
Note: Transaction 31 Data: 261120 TLAST: '0'
Time: 452500 ps  Iteration: 0  Process: /AXI_Modulador_tb/monitor  File: F:/Proyecto_Final/repo/FinalProject_Ing/HW/src/tb/axi-modulador-testbench.vhd
Note: Transaction 32 Data: 261120 TLAST: '1'
Time: 457500 ps  Iteration: 0  Process: /AXI_Modulador_tb/monitor  File: F:/Proyecto_Final/repo/FinalProject_Ing/HW/src/tb/axi-modulador-testbench.vhd
Note: Transaction 33 Data: 261120 TLAST: '0'
Time: 462500 ps  Iteration: 0  Process: /AXI_Modulador_tb/monitor  File: F:/Proyecto_Final/repo/FinalProject_Ing/HW/src/tb/axi-modulador-testbench.vhd
Note: Transaction 34 Data: 261120 TLAST: '0'
Time: 467500 ps  Iteration: 0  Process: /AXI_Modulador_tb/monitor  File: F:/Proyecto_Final/repo/FinalProject_Ing/HW/src/tb/axi-modulador-testbench.vhd
Note: Simulation completed successfully
Time: 560 ns  Iteration: 0  Process: /AXI_Modulador_tb/stimulus  File: F:/Proyecto_Final/repo/FinalProject_Ing/HW/src/tb/axi-modulador-testbench.vhd
Note: Test Case 1: Single data transfer
Time: 110 ns  Iteration: 0  Process: /AXI_Modulador_tb/stimulus  File: F:/Proyecto_Final/repo/FinalProject_Ing/HW/src/tb/axi-modulador-testbench.vhd
Note: Transaction 0 Data: 174762 TLAST: '0'
Time: 132500 ps  Iteration: 0  Process: /AXI_Modulador_tb/monitor  File: F:/Proyecto_Final/repo/FinalProject_Ing/HW/src/tb/axi-modulador-testbench.vhd
Note: Transaction 1 Data: 174762 TLAST: '0'
Time: 137500 ps  Iteration: 0  Process: /AXI_Modulador_tb/monitor  File: F:/Proyecto_Final/repo/FinalProject_Ing/HW/src/tb/axi-modulador-testbench.vhd
Note: Transaction 2 Data: 174762 TLAST: '1'
Time: 142500 ps  Iteration: 0  Process: /AXI_Modulador_tb/monitor  File: F:/Proyecto_Final/repo/FinalProject_Ing/HW/src/tb/axi-modulador-testbench.vhd
Note: Transaction 3 Data: 174762 TLAST: '0'
Time: 147500 ps  Iteration: 0  Process: /AXI_Modulador_tb/monitor  File: F:/Proyecto_Final/repo/FinalProject_Ing/HW/src/tb/axi-modulador-testbench.vhd
Note: Transaction 4 Data: 174762 TLAST: '0'
Time: 152500 ps  Iteration: 0  Process: /AXI_Modulador_tb/monitor  File: F:/Proyecto_Final/repo/FinalProject_Ing/HW/src/tb/axi-modulador-testbench.vhd
Note: Test Case 2: Multiple consecutive transfers
Time: 155 ns  Iteration: 0  Process: /AXI_Modulador_tb/stimulus  File: F:/Proyecto_Final/repo/FinalProject_Ing/HW/src/tb/axi-modulador-testbench.vhd
Note: Transaction 5 Data: 0 TLAST: '0'
Time: 177500 ps  Iteration: 0  Process: /AXI_Modulador_tb/monitor  File: F:/Proyecto_Final/repo/FinalProject_Ing/HW/src/tb/axi-modulador-testbench.vhd
Note: Transaction 6 Data: 0 TLAST: '0'
Time: 182500 ps  Iteration: 0  Process: /AXI_Modulador_tb/monitor  File: F:/Proyecto_Final/repo/FinalProject_Ing/HW/src/tb/axi-modulador-testbench.vhd
Note: Transaction 7 Data: 0 TLAST: '1'
Time: 187500 ps  Iteration: 0  Process: /AXI_Modulador_tb/monitor  File: F:/Proyecto_Final/repo/FinalProject_Ing/HW/src/tb/axi-modulador-testbench.vhd
Note: Transaction 8 Data: 0 TLAST: '0'
Time: 192500 ps  Iteration: 0  Process: /AXI_Modulador_tb/monitor  File: F:/Proyecto_Final/repo/FinalProject_Ing/HW/src/tb/axi-modulador-testbench.vhd
Note: Transaction 9 Data: 0 TLAST: '0'
Time: 197500 ps  Iteration: 0  Process: /AXI_Modulador_tb/monitor  File: F:/Proyecto_Final/repo/FinalProject_Ing/HW/src/tb/axi-modulador-testbench.vhd
Note: Transaction 10 Data: 1 TLAST: '0'
Time: 222500 ps  Iteration: 0  Process: /AXI_Modulador_tb/monitor  File: F:/Proyecto_Final/repo/FinalProject_Ing/HW/src/tb/axi-modulador-testbench.vhd
Note: Transaction 11 Data: 1 TLAST: '0'
Time: 227500 ps  Iteration: 0  Process: /AXI_Modulador_tb/monitor  File: F:/Proyecto_Final/repo/FinalProject_Ing/HW/src/tb/axi-modulador-testbench.vhd
Note: Transaction 12 Data: 1 TLAST: '1'
Time: 232500 ps  Iteration: 0  Process: /AXI_Modulador_tb/monitor  File: F:/Proyecto_Final/repo/FinalProject_Ing/HW/src/tb/axi-modulador-testbench.vhd
Note: Transaction 13 Data: 1 TLAST: '0'
Time: 237500 ps  Iteration: 0  Process: /AXI_Modulador_tb/monitor  File: F:/Proyecto_Final/repo/FinalProject_Ing/HW/src/tb/axi-modulador-testbench.vhd
Note: Transaction 14 Data: 1 TLAST: '0'
Time: 242500 ps  Iteration: 0  Process: /AXI_Modulador_tb/monitor  File: F:/Proyecto_Final/repo/FinalProject_Ing/HW/src/tb/axi-modulador-testbench.vhd
Note: Transaction 15 Data: 2 TLAST: '0'
Time: 267500 ps  Iteration: 0  Process: /AXI_Modulador_tb/monitor  File: F:/Proyecto_Final/repo/FinalProject_Ing/HW/src/tb/axi-modulador-testbench.vhd
Note: Transaction 16 Data: 2 TLAST: '0'
Time: 272500 ps  Iteration: 0  Process: /AXI_Modulador_tb/monitor  File: F:/Proyecto_Final/repo/FinalProject_Ing/HW/src/tb/axi-modulador-testbench.vhd
Note: Transaction 17 Data: 2 TLAST: '1'
Time: 277500 ps  Iteration: 0  Process: /AXI_Modulador_tb/monitor  File: F:/Proyecto_Final/repo/FinalProject_Ing/HW/src/tb/axi-modulador-testbench.vhd
Note: Transaction 18 Data: 2 TLAST: '0'
Time: 282500 ps  Iteration: 0  Process: /AXI_Modulador_tb/monitor  File: F:/Proyecto_Final/repo/FinalProject_Ing/HW/src/tb/axi-modulador-testbench.vhd
Note: Transaction 19 Data: 2 TLAST: '0'
Time: 287500 ps  Iteration: 0  Process: /AXI_Modulador_tb/monitor  File: F:/Proyecto_Final/repo/FinalProject_Ing/HW/src/tb/axi-modulador-testbench.vhd
Note: Transaction 20 Data: 3 TLAST: '0'
Time: 312500 ps  Iteration: 0  Process: /AXI_Modulador_tb/monitor  File: F:/Proyecto_Final/repo/FinalProject_Ing/HW/src/tb/axi-modulador-testbench.vhd
Note: Transaction 21 Data: 3 TLAST: '0'
Time: 317500 ps  Iteration: 0  Process: /AXI_Modulador_tb/monitor  File: F:/Proyecto_Final/repo/FinalProject_Ing/HW/src/tb/axi-modulador-testbench.vhd
Note: Transaction 22 Data: 3 TLAST: '1'
Time: 322500 ps  Iteration: 0  Process: /AXI_Modulador_tb/monitor  File: F:/Proyecto_Final/repo/FinalProject_Ing/HW/src/tb/axi-modulador-testbench.vhd
Note: Transaction 23 Data: 3 TLAST: '0'
Time: 327500 ps  Iteration: 0  Process: /AXI_Modulador_tb/monitor  File: F:/Proyecto_Final/repo/FinalProject_Ing/HW/src/tb/axi-modulador-testbench.vhd
Note: Transaction 24 Data: 3 TLAST: '0'
Time: 332500 ps  Iteration: 0  Process: /AXI_Modulador_tb/monitor  File: F:/Proyecto_Final/repo/FinalProject_Ing/HW/src/tb/axi-modulador-testbench.vhd
Note: Test Case 3: Transfer with TREADY toggling
Time: 335 ns  Iteration: 0  Process: /AXI_Modulador_tb/stimulus  File: F:/Proyecto_Final/repo/FinalProject_Ing/HW/src/tb/axi-modulador-testbench.vhd
Note: Test Case 4: Back-to-back transfers
Time: 390 ns  Iteration: 0  Process: /AXI_Modulador_tb/stimulus  File: F:/Proyecto_Final/repo/FinalProject_Ing/HW/src/tb/axi-modulador-testbench.vhd
Note: Transaction 25 Data: 1023 TLAST: '0'
Time: 412500 ps  Iteration: 0  Process: /AXI_Modulador_tb/monitor  File: F:/Proyecto_Final/repo/FinalProject_Ing/HW/src/tb/axi-modulador-testbench.vhd
Note: Transaction 26 Data: 1023 TLAST: '0'
Time: 417500 ps  Iteration: 0  Process: /AXI_Modulador_tb/monitor  File: F:/Proyecto_Final/repo/FinalProject_Ing/HW/src/tb/axi-modulador-testbench.vhd
Note: Transaction 27 Data: 1023 TLAST: '1'
Time: 422500 ps  Iteration: 0  Process: /AXI_Modulador_tb/monitor  File: F:/Proyecto_Final/repo/FinalProject_Ing/HW/src/tb/axi-modulador-testbench.vhd
Note: Transaction 28 Data: 261120 TLAST: '0'
Time: 427500 ps  Iteration: 0  Process: /AXI_Modulador_tb/monitor  File: F:/Proyecto_Final/repo/FinalProject_Ing/HW/src/tb/axi-modulador-testbench.vhd
Note: Transaction 29 Data: 261120 TLAST: '0'
Time: 432500 ps  Iteration: 0  Process: /AXI_Modulador_tb/monitor  File: F:/Proyecto_Final/repo/FinalProject_Ing/HW/src/tb/axi-modulador-testbench.vhd
Note: Transaction 30 Data: 261120 TLAST: '0'
Time: 447500 ps  Iteration: 0  Process: /AXI_Modulador_tb/monitor  File: F:/Proyecto_Final/repo/FinalProject_Ing/HW/src/tb/axi-modulador-testbench.vhd
Note: Transaction 31 Data: 261120 TLAST: '0'
Time: 452500 ps  Iteration: 0  Process: /AXI_Modulador_tb/monitor  File: F:/Proyecto_Final/repo/FinalProject_Ing/HW/src/tb/axi-modulador-testbench.vhd
Note: Transaction 32 Data: 261120 TLAST: '1'
Time: 457500 ps  Iteration: 0  Process: /AXI_Modulador_tb/monitor  File: F:/Proyecto_Final/repo/FinalProject_Ing/HW/src/tb/axi-modulador-testbench.vhd
Note: Transaction 33 Data: 261120 TLAST: '0'
Time: 462500 ps  Iteration: 0  Process: /AXI_Modulador_tb/monitor  File: F:/Proyecto_Final/repo/FinalProject_Ing/HW/src/tb/axi-modulador-testbench.vhd
Note: Transaction 34 Data: 261120 TLAST: '0'
Time: 467500 ps  Iteration: 0  Process: /AXI_Modulador_tb/monitor  File: F:/Proyecto_Final/repo/FinalProject_Ing/HW/src/tb/axi-modulador-testbench.vhd
Note: Simulation completed successfully
Time: 560 ns  Iteration: 0  Process: /AXI_Modulador_tb/stimulus  File: F:/Proyecto_Final/repo/FinalProject_Ing/HW/src/tb/axi-modulador-testbench.vhd
Note: Test Case 1: Single data transfer
Time: 110 ns  Iteration: 0  Process: /AXI_Modulador_tb/stimulus  File: F:/Proyecto_Final/repo/FinalProject_Ing/HW/src/tb/axi-modulador-testbench.vhd
Note: Transaction 0 Data: 174762 TLAST: '0'
Time: 132500 ps  Iteration: 0  Process: /AXI_Modulador_tb/monitor  File: F:/Proyecto_Final/repo/FinalProject_Ing/HW/src/tb/axi-modulador-testbench.vhd
Note: Transaction 1 Data: 174762 TLAST: '0'
Time: 137500 ps  Iteration: 0  Process: /AXI_Modulador_tb/monitor  File: F:/Proyecto_Final/repo/FinalProject_Ing/HW/src/tb/axi-modulador-testbench.vhd
Note: Transaction 2 Data: 174762 TLAST: '1'
Time: 142500 ps  Iteration: 0  Process: /AXI_Modulador_tb/monitor  File: F:/Proyecto_Final/repo/FinalProject_Ing/HW/src/tb/axi-modulador-testbench.vhd
Note: Transaction 3 Data: 174762 TLAST: '0'
Time: 147500 ps  Iteration: 0  Process: /AXI_Modulador_tb/monitor  File: F:/Proyecto_Final/repo/FinalProject_Ing/HW/src/tb/axi-modulador-testbench.vhd
Note: Transaction 4 Data: 174762 TLAST: '0'
Time: 152500 ps  Iteration: 0  Process: /AXI_Modulador_tb/monitor  File: F:/Proyecto_Final/repo/FinalProject_Ing/HW/src/tb/axi-modulador-testbench.vhd
Note: Test Case 2: Multiple consecutive transfers
Time: 155 ns  Iteration: 0  Process: /AXI_Modulador_tb/stimulus  File: F:/Proyecto_Final/repo/FinalProject_Ing/HW/src/tb/axi-modulador-testbench.vhd
Note: Transaction 5 Data: 0 TLAST: '0'
Time: 177500 ps  Iteration: 0  Process: /AXI_Modulador_tb/monitor  File: F:/Proyecto_Final/repo/FinalProject_Ing/HW/src/tb/axi-modulador-testbench.vhd
Note: Transaction 6 Data: 0 TLAST: '0'
Time: 182500 ps  Iteration: 0  Process: /AXI_Modulador_tb/monitor  File: F:/Proyecto_Final/repo/FinalProject_Ing/HW/src/tb/axi-modulador-testbench.vhd
Note: Transaction 7 Data: 0 TLAST: '1'
Time: 187500 ps  Iteration: 0  Process: /AXI_Modulador_tb/monitor  File: F:/Proyecto_Final/repo/FinalProject_Ing/HW/src/tb/axi-modulador-testbench.vhd
Note: Transaction 8 Data: 0 TLAST: '0'
Time: 192500 ps  Iteration: 0  Process: /AXI_Modulador_tb/monitor  File: F:/Proyecto_Final/repo/FinalProject_Ing/HW/src/tb/axi-modulador-testbench.vhd
Note: Transaction 9 Data: 0 TLAST: '0'
Time: 197500 ps  Iteration: 0  Process: /AXI_Modulador_tb/monitor  File: F:/Proyecto_Final/repo/FinalProject_Ing/HW/src/tb/axi-modulador-testbench.vhd
Note: Transaction 10 Data: 1 TLAST: '0'
Time: 222500 ps  Iteration: 0  Process: /AXI_Modulador_tb/monitor  File: F:/Proyecto_Final/repo/FinalProject_Ing/HW/src/tb/axi-modulador-testbench.vhd
Note: Transaction 11 Data: 1 TLAST: '0'
Time: 227500 ps  Iteration: 0  Process: /AXI_Modulador_tb/monitor  File: F:/Proyecto_Final/repo/FinalProject_Ing/HW/src/tb/axi-modulador-testbench.vhd
Note: Transaction 12 Data: 1 TLAST: '1'
Time: 232500 ps  Iteration: 0  Process: /AXI_Modulador_tb/monitor  File: F:/Proyecto_Final/repo/FinalProject_Ing/HW/src/tb/axi-modulador-testbench.vhd
Note: Transaction 13 Data: 1 TLAST: '0'
Time: 237500 ps  Iteration: 0  Process: /AXI_Modulador_tb/monitor  File: F:/Proyecto_Final/repo/FinalProject_Ing/HW/src/tb/axi-modulador-testbench.vhd
Note: Transaction 14 Data: 1 TLAST: '0'
Time: 242500 ps  Iteration: 0  Process: /AXI_Modulador_tb/monitor  File: F:/Proyecto_Final/repo/FinalProject_Ing/HW/src/tb/axi-modulador-testbench.vhd
Note: Transaction 15 Data: 2 TLAST: '0'
Time: 267500 ps  Iteration: 0  Process: /AXI_Modulador_tb/monitor  File: F:/Proyecto_Final/repo/FinalProject_Ing/HW/src/tb/axi-modulador-testbench.vhd
Note: Transaction 16 Data: 2 TLAST: '0'
Time: 272500 ps  Iteration: 0  Process: /AXI_Modulador_tb/monitor  File: F:/Proyecto_Final/repo/FinalProject_Ing/HW/src/tb/axi-modulador-testbench.vhd
Note: Transaction 17 Data: 2 TLAST: '1'
Time: 277500 ps  Iteration: 0  Process: /AXI_Modulador_tb/monitor  File: F:/Proyecto_Final/repo/FinalProject_Ing/HW/src/tb/axi-modulador-testbench.vhd
Note: Transaction 18 Data: 2 TLAST: '0'
Time: 282500 ps  Iteration: 0  Process: /AXI_Modulador_tb/monitor  File: F:/Proyecto_Final/repo/FinalProject_Ing/HW/src/tb/axi-modulador-testbench.vhd
Note: Transaction 19 Data: 2 TLAST: '0'
Time: 287500 ps  Iteration: 0  Process: /AXI_Modulador_tb/monitor  File: F:/Proyecto_Final/repo/FinalProject_Ing/HW/src/tb/axi-modulador-testbench.vhd
Note: Transaction 20 Data: 3 TLAST: '0'
Time: 312500 ps  Iteration: 0  Process: /AXI_Modulador_tb/monitor  File: F:/Proyecto_Final/repo/FinalProject_Ing/HW/src/tb/axi-modulador-testbench.vhd
Note: Transaction 21 Data: 3 TLAST: '0'
Time: 317500 ps  Iteration: 0  Process: /AXI_Modulador_tb/monitor  File: F:/Proyecto_Final/repo/FinalProject_Ing/HW/src/tb/axi-modulador-testbench.vhd
Note: Transaction 22 Data: 3 TLAST: '1'
Time: 322500 ps  Iteration: 0  Process: /AXI_Modulador_tb/monitor  File: F:/Proyecto_Final/repo/FinalProject_Ing/HW/src/tb/axi-modulador-testbench.vhd
Note: Transaction 23 Data: 3 TLAST: '0'
Time: 327500 ps  Iteration: 0  Process: /AXI_Modulador_tb/monitor  File: F:/Proyecto_Final/repo/FinalProject_Ing/HW/src/tb/axi-modulador-testbench.vhd
Note: Transaction 24 Data: 3 TLAST: '0'
Time: 332500 ps  Iteration: 0  Process: /AXI_Modulador_tb/monitor  File: F:/Proyecto_Final/repo/FinalProject_Ing/HW/src/tb/axi-modulador-testbench.vhd
Note: Test Case 3: Transfer with TREADY toggling
Time: 335 ns  Iteration: 0  Process: /AXI_Modulador_tb/stimulus  File: F:/Proyecto_Final/repo/FinalProject_Ing/HW/src/tb/axi-modulador-testbench.vhd
Note: Test Case 4: Back-to-back transfers
Time: 390 ns  Iteration: 0  Process: /AXI_Modulador_tb/stimulus  File: F:/Proyecto_Final/repo/FinalProject_Ing/HW/src/tb/axi-modulador-testbench.vhd
Note: Transaction 25 Data: 1023 TLAST: '0'
Time: 412500 ps  Iteration: 0  Process: /AXI_Modulador_tb/monitor  File: F:/Proyecto_Final/repo/FinalProject_Ing/HW/src/tb/axi-modulador-testbench.vhd
Note: Transaction 26 Data: 1023 TLAST: '0'
Time: 417500 ps  Iteration: 0  Process: /AXI_Modulador_tb/monitor  File: F:/Proyecto_Final/repo/FinalProject_Ing/HW/src/tb/axi-modulador-testbench.vhd
Note: Transaction 27 Data: 1023 TLAST: '1'
Time: 422500 ps  Iteration: 0  Process: /AXI_Modulador_tb/monitor  File: F:/Proyecto_Final/repo/FinalProject_Ing/HW/src/tb/axi-modulador-testbench.vhd
Note: Transaction 28 Data: 261120 TLAST: '0'
Time: 427500 ps  Iteration: 0  Process: /AXI_Modulador_tb/monitor  File: F:/Proyecto_Final/repo/FinalProject_Ing/HW/src/tb/axi-modulador-testbench.vhd
Note: Transaction 29 Data: 261120 TLAST: '0'
Time: 432500 ps  Iteration: 0  Process: /AXI_Modulador_tb/monitor  File: F:/Proyecto_Final/repo/FinalProject_Ing/HW/src/tb/axi-modulador-testbench.vhd
Note: Transaction 30 Data: 261120 TLAST: '0'
Time: 447500 ps  Iteration: 0  Process: /AXI_Modulador_tb/monitor  File: F:/Proyecto_Final/repo/FinalProject_Ing/HW/src/tb/axi-modulador-testbench.vhd
Note: Transaction 31 Data: 261120 TLAST: '0'
Time: 452500 ps  Iteration: 0  Process: /AXI_Modulador_tb/monitor  File: F:/Proyecto_Final/repo/FinalProject_Ing/HW/src/tb/axi-modulador-testbench.vhd
Note: Transaction 32 Data: 261120 TLAST: '1'
Time: 457500 ps  Iteration: 0  Process: /AXI_Modulador_tb/monitor  File: F:/Proyecto_Final/repo/FinalProject_Ing/HW/src/tb/axi-modulador-testbench.vhd
Note: Transaction 33 Data: 261120 TLAST: '0'
Time: 462500 ps  Iteration: 0  Process: /AXI_Modulador_tb/monitor  File: F:/Proyecto_Final/repo/FinalProject_Ing/HW/src/tb/axi-modulador-testbench.vhd
Note: Transaction 34 Data: 261120 TLAST: '0'
Time: 467500 ps  Iteration: 0  Process: /AXI_Modulador_tb/monitor  File: F:/Proyecto_Final/repo/FinalProject_Ing/HW/src/tb/axi-modulador-testbench.vhd
Note: Simulation completed successfully
Time: 560 ns  Iteration: 0  Process: /AXI_Modulador_tb/stimulus  File: F:/Proyecto_Final/repo/FinalProject_Ing/HW/src/tb/axi-modulador-testbench.vhd
